#-----------------------------------------------------------
# Vivado v2022.1.2 (64-bit)
# SW Build 3605665 on Fri Aug  5 22:53:37 MDT 2022
# IP Build 3603185 on Sat Aug  6 04:07:44 MDT 2022
# Start of session at: Thu Feb  2 16:42:02 2023
# Process ID: 25148
# Current directory: G:/tinysys
# Command line: vivado.exe -gui_launcher_event rodinguilauncherevent6160 G:\tinysys\tinysys.xpr
# Log file: G:/tinysys/vivado.log
# Journal file: G:/tinysys\vivado.jou
# Running On: enci-pc, OS: Windows, CPU Frequency: 4250 MHz, CPU Physical cores: 16, Host memory: 34309 MB
#-----------------------------------------------------------
start_gui
open_project G:/tinysys/tinysys.xpr
update_compile_order -fileset sources_1
update_compile_order -fileset sources_1
export_ip_user_files -of_objects  [get_files G:/tinysys/tinysys.srcs/sources_1/ip/coreclockgen/coreclockgen.xci] -no_script -reset -force -quiet
remove_files  -fileset coreclockgen G:/tinysys/tinysys.srcs/sources_1/ip/coreclockgen/coreclockgen.xci
file delete -force G:/tinysys/tinysys.srcs/sources_1/ip/coreclockgen
file delete -force g:/tinysys/tinysys.gen/sources_1/ip/coreclockgen
export_ip_user_files -of_objects  [get_files G:/tinysys/tinysys.srcs/sources_1/ip/ddr3clkgen/ddr3clkgen.xci] -no_script -reset -force -quiet
remove_files  -fileset ddr3clkgen G:/tinysys/tinysys.srcs/sources_1/ip/ddr3clkgen/ddr3clkgen.xci
file delete -force G:/tinysys/tinysys.srcs/sources_1/ip/ddr3clkgen
file delete -force g:/tinysys/tinysys.gen/sources_1/ip/ddr3clkgen
export_ip_user_files -of_objects  [get_files G:/tinysys/tinysys.srcs/sources_1/ip/mig_7series_0/mig_7series_0.xci] -no_script -reset -force -quiet
remove_files  -fileset mig_7series_0 G:/tinysys/tinysys.srcs/sources_1/ip/mig_7series_0/mig_7series_0.xci
file delete -force G:/tinysys/tinysys.srcs/sources_1/ip/mig_7series_0
file delete -force g:/tinysys/tinysys.gen/sources_1/ip/mig_7series_0
export_ip_user_files -of_objects  [get_files G:/tinysys/tinysys.srcs/sources_1/new/nonrestoringdiv.sv] -no_script -reset -force -quiet
remove_files  G:/tinysys/tinysys.srcs/sources_1/new/nonrestoringdiv.sv
file delete -force G:/tinysys/tinysys.srcs/sources_1/new/nonrestoringdiv.sv
export_ip_user_files -of_objects  [get_files G:/tinysys/tinysys.srcs/sources_1/ip/mig_7series_0/mig_a.prj] -no_script -reset -force -quiet
remove_files  G:/tinysys/tinysys.srcs/sources_1/ip/mig_7series_0/mig_a.prj
close [ open G:/tinysys/tinysys.srcs/sources_1/new/clockandreset.sv w ]
add_files G:/tinysys/tinysys.srcs/sources_1/new/clockandreset.sv
update_compile_order -fileset sources_1
create_ip -name clk_wiz -vendor xilinx.com -library ip -version 6.0 -module_name centralclock
set_property -dict [list CONFIG.Component_Name {centralclock} CONFIG.CLKOUT2_USED {true} CONFIG.CLK_OUT1_PORT {aclk} CONFIG.CLK_OUT2_PORT {clk15} CONFIG.CLKOUT1_REQUESTED_OUT_FREQ {150.000} CONFIG.CLKOUT2_REQUESTED_OUT_FREQ {15.000} CONFIG.MMCM_CLKFBOUT_MULT_F {9.750} CONFIG.MMCM_CLKOUT0_DIVIDE_F {6.500} CONFIG.MMCM_CLKOUT1_DIVIDE {65} CONFIG.NUM_OUT_CLKS {2} CONFIG.CLKOUT1_JITTER {120.394} CONFIG.CLKOUT1_PHASE_ERROR {99.281} CONFIG.CLKOUT2_JITTER {192.533} CONFIG.CLKOUT2_PHASE_ERROR {99.281}] [get_ips centralclock]
generate_target {instantiation_template} [get_files g:/tinysys/tinysys.srcs/sources_1/ip/centralclock/centralclock.xci]
generate_target all [get_files  g:/tinysys/tinysys.srcs/sources_1/ip/centralclock/centralclock.xci]
catch { config_ip_cache -export [get_ips -all centralclock] }
export_ip_user_files -of_objects [get_files g:/tinysys/tinysys.srcs/sources_1/ip/centralclock/centralclock.xci] -no_script -sync -force -quiet
create_ip_run [get_files -of_objects [get_fileset sources_1] g:/tinysys/tinysys.srcs/sources_1/ip/centralclock/centralclock.xci]
launch_runs centralclock_synth_1 -jobs 12
wait_on_run centralclock_synth_1
export_simulation -of_objects [get_files g:/tinysys/tinysys.srcs/sources_1/ip/centralclock/centralclock.xci] -directory G:/tinysys/tinysys.ip_user_files/sim_scripts -ip_user_files_dir G:/tinysys/tinysys.ip_user_files -ipstatic_source_dir G:/tinysys/tinysys.ip_user_files/ipstatic -lib_map_path [list {modelsim=G:/tinysys/tinysys.cache/compile_simlib/modelsim} {questa=G:/tinysys/tinysys.cache/compile_simlib/questa} {riviera=G:/tinysys/tinysys.cache/compile_simlib/riviera} {activehdl=G:/tinysys/tinysys.cache/compile_simlib/activehdl}] -use_ip_compiled_libs -force -quiet
launch_runs synth_1 -jobs 12
wait_on_run synth_1
launch_runs impl_1 -jobs 12
wait_on_run impl_1
set_property -dict [list CONFIG.PRIM_SOURCE {Global_buffer} CONFIG.PRIM_IN_FREQ {50.000} CONFIG.USE_RESET {false} CONFIG.CLKIN1_JITTER_PS {200.0} CONFIG.MMCM_CLKFBOUT_MULT_F {19.500} CONFIG.MMCM_CLKIN1_PERIOD {20.000} CONFIG.MMCM_CLKIN2_PERIOD {10.0} CONFIG.CLKOUT1_JITTER {149.472} CONFIG.CLKOUT1_PHASE_ERROR {160.484} CONFIG.CLKOUT2_JITTER {263.584} CONFIG.CLKOUT2_PHASE_ERROR {160.484}] [get_ips centralclock]
generate_target all [get_files  g:/tinysys/tinysys.srcs/sources_1/ip/centralclock/centralclock.xci]
catch { config_ip_cache -export [get_ips -all centralclock] }
export_ip_user_files -of_objects [get_files g:/tinysys/tinysys.srcs/sources_1/ip/centralclock/centralclock.xci] -no_script -sync -force -quiet
reset_run centralclock_synth_1
launch_runs centralclock_synth_1 -jobs 12
wait_on_run centralclock_synth_1
export_simulation -of_objects [get_files g:/tinysys/tinysys.srcs/sources_1/ip/centralclock/centralclock.xci] -directory G:/tinysys/tinysys.ip_user_files/sim_scripts -ip_user_files_dir G:/tinysys/tinysys.ip_user_files -ipstatic_source_dir G:/tinysys/tinysys.ip_user_files/ipstatic -lib_map_path [list {modelsim=G:/tinysys/tinysys.cache/compile_simlib/modelsim} {questa=G:/tinysys/tinysys.cache/compile_simlib/questa} {riviera=G:/tinysys/tinysys.cache/compile_simlib/riviera} {activehdl=G:/tinysys/tinysys.cache/compile_simlib/activehdl}] -use_ip_compiled_libs -force -quiet
reset_run synth_1
launch_runs synth_1 -jobs 12
wait_on_run synth_1
reset_run synth_1
launch_runs synth_1 -jobs 12
wait_on_run synth_1
launch_runs impl_1 -jobs 12
wait_on_run impl_1
reset_run synth_1
launch_runs impl_1 -jobs 12
wait_on_run impl_1
launch_runs impl_1 -to_step write_bitstream -jobs 12
wait_on_run impl_1
open_hw_manager
connect_hw_server -allow_non_jtag
open_hw_target
set_property PROGRAM.FILE {G:/tinysys/tinysys.runs/impl_1/tophat.bit} [get_hw_devices xc7a200t_0]
current_hw_device [get_hw_devices xc7a200t_0]
refresh_hw_device -update_hw_probes false [lindex [get_hw_devices xc7a200t_0] 0]
create_hw_cfgmem -hw_device [get_hw_devices xc7a200t_0] -mem_dev [lindex [get_cfgmem_parts {is25lp128f-spi-x1_x2_x4}] 0]
set_property PROBES.FILE {} [get_hw_devices xc7a200t_0]
set_property FULL_PROBES.FILE {} [get_hw_devices xc7a200t_0]
set_property PROGRAM.FILE {G:/tinysys/tinysys.runs/impl_1/tophat.bit} [get_hw_devices xc7a200t_0]
program_hw_devices [get_hw_devices xc7a200t_0]
refresh_hw_device [lindex [get_hw_devices xc7a200t_0] 0]
boot_hw_device  [lindex [get_hw_devices xc7a200t_0] 0]
refresh_hw_device [lindex [get_hw_devices xc7a200t_0] 0]
close_hw_manager
reset_run synth_1
launch_runs impl_1 -to_step write_bitstream -jobs 12
wait_on_run impl_1
open_hw_manager
connect_hw_server -allow_non_jtag
open_hw_target
set_property PROGRAM.FILE {G:/tinysys/tinysys.runs/impl_1/tophat.bit} [get_hw_devices xc7a200t_0]
current_hw_device [get_hw_devices xc7a200t_0]
refresh_hw_device -update_hw_probes false [lindex [get_hw_devices xc7a200t_0] 0]
create_hw_cfgmem -hw_device [get_hw_devices xc7a200t_0] -mem_dev [lindex [get_cfgmem_parts {is25lp128f-spi-x1_x2_x4}] 0]
set_property PROBES.FILE {} [get_hw_devices xc7a200t_0]
set_property FULL_PROBES.FILE {} [get_hw_devices xc7a200t_0]
set_property PROGRAM.FILE {G:/tinysys/tinysys.runs/impl_1/tophat.bit} [get_hw_devices xc7a200t_0]
program_hw_devices [get_hw_devices xc7a200t_0]
refresh_hw_device [lindex [get_hw_devices xc7a200t_0] 0]
close_hw_manager
reset_run synth_1
launch_runs impl_1 -to_step write_bitstream -jobs 12
wait_on_run impl_1
open_hw_manager
connect_hw_server -allow_non_jtag
open_hw_target
set_property PROGRAM.FILE {G:/tinysys/tinysys.runs/impl_1/tophat.bit} [get_hw_devices xc7a200t_0]
current_hw_device [get_hw_devices xc7a200t_0]
refresh_hw_device -update_hw_probes false [lindex [get_hw_devices xc7a200t_0] 0]
create_hw_cfgmem -hw_device [get_hw_devices xc7a200t_0] -mem_dev [lindex [get_cfgmem_parts {is25lp128f-spi-x1_x2_x4}] 0]
set_property PROBES.FILE {} [get_hw_devices xc7a200t_0]
set_property FULL_PROBES.FILE {} [get_hw_devices xc7a200t_0]
set_property PROGRAM.FILE {G:/tinysys/tinysys.runs/impl_1/tophat.bit} [get_hw_devices xc7a200t_0]
program_hw_devices [get_hw_devices xc7a200t_0]
refresh_hw_device [lindex [get_hw_devices xc7a200t_0] 0]
close_hw_manager
reset_run synth_1
launch_runs synth_1 -jobs 12
wait_on_run synth_1
reset_run synth_1
launch_runs synth_1 -jobs 12
wait_on_run synth_1
launch_runs impl_1 -jobs 12
wait_on_run impl_1
launch_runs impl_1 -to_step write_bitstream -jobs 12
wait_on_run impl_1
open_run impl_1
close_design
reset_run synth_1
launch_runs synth_1 -jobs 12
wait_on_run synth_1
launch_runs impl_1 -jobs 12
wait_on_run impl_1
reset_run impl_1
reset_run synth_1
launch_runs impl_1 -jobs 12
wait_on_run impl_1
reset_run synth_1
launch_runs synth_1 -jobs 12
wait_on_run synth_1
launch_runs impl_1 -jobs 12
wait_on_run impl_1
launch_runs impl_1 -to_step write_bitstream -jobs 12
wait_on_run impl_1
open_hw_manager
connect_hw_server -allow_non_jtag
open_hw_target
set_property PROGRAM.FILE {G:/tinysys/tinysys.runs/impl_1/tophat.bit} [get_hw_devices xc7a200t_0]
current_hw_device [get_hw_devices xc7a200t_0]
refresh_hw_device -update_hw_probes false [lindex [get_hw_devices xc7a200t_0] 0]
create_hw_cfgmem -hw_device [get_hw_devices xc7a200t_0] -mem_dev [lindex [get_cfgmem_parts {is25lp128f-spi-x1_x2_x4}] 0]
set_property PROBES.FILE {} [get_hw_devices xc7a200t_0]
set_property FULL_PROBES.FILE {} [get_hw_devices xc7a200t_0]
set_property PROGRAM.FILE {G:/tinysys/tinysys.runs/impl_1/tophat.bit} [get_hw_devices xc7a200t_0]
program_hw_devices [get_hw_devices xc7a200t_0]
refresh_hw_device [lindex [get_hw_devices xc7a200t_0] 0]
close_hw_manager
open_hw_manager
connect_hw_server -allow_non_jtag
open_hw_target
set_property PROGRAM.FILE {G:/tinysys/tinysys.runs/impl_1/tophat.bit} [get_hw_devices xc7a200t_0]
current_hw_device [get_hw_devices xc7a200t_0]
refresh_hw_device -update_hw_probes false [lindex [get_hw_devices xc7a200t_0] 0]
create_hw_cfgmem -hw_device [get_hw_devices xc7a200t_0] -mem_dev [lindex [get_cfgmem_parts {is25lp128f-spi-x1_x2_x4}] 0]
close_hw_manager
open_run impl_1
close_design
set_property STEPS.WRITE_BITSTREAM.ARGS.BIN_FILE true [get_runs impl_1]
reset_run synth_1
launch_runs impl_1 -to_step write_bitstream -jobs 12
wait_on_run impl_1
